// Jest Snapshot v1, https://goo.gl/fbAQLP

exports[`HomeIntro should render correctly 1`] = `
<section
  className="home-intro__slogan"
>
  <h1>
    <span>
      Mieten Sie
    </span>
    <small>
      was sonst verstauben würde
    </small>
  </h1>
  <ul>
    <li>
      Einfache online Übersicht
    </li>
    <li>
      Fixe Preise und online Buchung
    </li>
    <li>
      Alles für Privatpersonen
    </li>
  </ul>
</section>
`;
